exports[`plugins > divider > should render plugin toolbar #0`] =
{
  "blocks": [
    {
      "data": {},
      "depth": 0,
      "entityRanges": [],
      "inlineStyleRanges": [],
      "key": 0,
      "text": "",
      "type": "unstyled"
    },
    {
      "data": {},
      "depth": 0,
      "entityRanges": [
        {
          "key": 0,
          "length": 1,
          "offset": 0
        }
      ],
      "inlineStyleRanges": [],
      "key": 1,
      "text": " ",
      "type": "atomic"
    },
    {
      "data": {},
      "depth": 0,
      "entityRanges": [],
      "inlineStyleRanges": [],
      "key": 2,
      "text": "",
      "type": "unstyled"
    },
    {
      "data": {},
      "depth": 0,
      "entityRanges": [
        {
          "key": 1,
          "length": 1,
          "offset": 0
        }
      ],
      "inlineStyleRanges": [],
      "key": 3,
      "text": " ",
      "type": "atomic"
    },
    {
      "data": {},
      "depth": 0,
      "entityRanges": [],
      "inlineStyleRanges": [],
      "key": 4,
      "text": "",
      "type": "unstyled"
    },
    {
      "data": {},
      "depth": 0,
      "entityRanges": [
        {
          "key": 2,
          "length": 1,
          "offset": 0
        }
      ],
      "inlineStyleRanges": [],
      "key": 5,
      "text": " ",
      "type": "atomic"
    },
    {
      "data": {},
      "depth": 0,
      "entityRanges": [],
      "inlineStyleRanges": [],
      "key": 6,
      "text": "",
      "type": "unstyled"
    },
    {
      "data": {},
      "depth": 0,
      "entityRanges": [
        {
          "key": 3,
          "length": 1,
          "offset": 0
        }
      ],
      "inlineStyleRanges": [],
      "key": 7,
      "text": " ",
      "type": "atomic"
    },
    {
      "data": {},
      "depth": 0,
      "entityRanges": [],
      "inlineStyleRanges": [],
      "key": 8,
      "text": "",
      "type": "unstyled"
    }
  ],
  "entityMap": {
    "0": {
      "data": {
        "config": {
          "alignment": "center",
          "size": "large",
          "textWrap": "nowrap"
        },
        "type": "single"
      },
      "mutability": "IMMUTABLE",
      "type": "wix-draft-plugin-divider"
    },
    "1": {
      "data": {
        "config": {
          "alignment": "center",
          "size": "large",
          "textWrap": "nowrap"
        },
        "type": "double"
      },
      "mutability": "IMMUTABLE",
      "type": "wix-draft-plugin-divider"
    },
    "2": {
      "data": {
        "config": {
          "alignment": "center",
          "size": "large",
          "textWrap": "nowrap"
        },
        "type": "dashed"
      },
      "mutability": "IMMUTABLE",
      "type": "wix-draft-plugin-divider"
    },
    "3": {
      "data": {
        "config": {
          "alignment": "center",
          "size": "large",
          "textWrap": "nowrap"
        },
        "type": "dotted"
      },
      "mutability": "IMMUTABLE",
      "type": "wix-draft-plugin-divider"
    }
  }
};

exports[`plugins > divider > should render settings #0`] =
{
  "blocks": [
    {
      "data": {},
      "depth": 0,
      "entityRanges": [],
      "inlineStyleRanges": [],
      "key": 0,
      "text": "",
      "type": "unstyled"
    },
    {
      "data": {},
      "depth": 0,
      "entityRanges": [
        {
          "key": 0,
          "length": 1,
          "offset": 0
        }
      ],
      "inlineStyleRanges": [],
      "key": 1,
      "text": " ",
      "type": "atomic"
    },
    {
      "data": {},
      "depth": 0,
      "entityRanges": [],
      "inlineStyleRanges": [],
      "key": 2,
      "text": "",
      "type": "unstyled"
    },
    {
      "data": {},
      "depth": 0,
      "entityRanges": [
        {
          "key": 1,
          "length": 1,
          "offset": 0
        }
      ],
      "inlineStyleRanges": [],
      "key": 3,
      "text": " ",
      "type": "atomic"
    },
    {
      "data": {},
      "depth": 0,
      "entityRanges": [],
      "inlineStyleRanges": [],
      "key": 4,
      "text": "",
      "type": "unstyled"
    },
    {
      "data": {},
      "depth": 0,
      "entityRanges": [
        {
          "key": 2,
          "length": 1,
          "offset": 0
        }
      ],
      "inlineStyleRanges": [],
      "key": 5,
      "text": " ",
      "type": "atomic"
    },
    {
      "data": {},
      "depth": 0,
      "entityRanges": [],
      "inlineStyleRanges": [],
      "key": 6,
      "text": "",
      "type": "unstyled"
    },
    {
      "data": {},
      "depth": 0,
      "entityRanges": [
        {
          "key": 3,
          "length": 1,
          "offset": 0
        }
      ],
      "inlineStyleRanges": [],
      "key": 7,
      "text": " ",
      "type": "atomic"
    },
    {
      "data": {},
      "depth": 0,
      "entityRanges": [],
      "inlineStyleRanges": [],
      "key": 8,
      "text": "",
      "type": "unstyled"
    }
  ],
  "entityMap": {
    "0": {
      "data": {
        "config": {
          "alignment": "center",
          "size": "large",
          "textWrap": "nowrap"
        },
        "type": "single"
      },
      "mutability": "IMMUTABLE",
      "type": "wix-draft-plugin-divider"
    },
    "1": {
      "data": {
        "config": {
          "alignment": "center",
          "size": "large",
          "textWrap": "nowrap"
        },
        "type": "double"
      },
      "mutability": "IMMUTABLE",
      "type": "wix-draft-plugin-divider"
    },
    "2": {
      "data": {
        "config": {
          "alignment": "center",
          "size": "large",
          "textWrap": "nowrap"
        },
        "type": "dashed"
      },
      "mutability": "IMMUTABLE",
      "type": "wix-draft-plugin-divider"
    },
    "3": {
      "data": {
        "config": {
          "alignment": "center",
          "size": "large",
          "textWrap": "nowrap"
        },
        "type": "dotted"
      },
      "mutability": "IMMUTABLE",
      "type": "wix-draft-plugin-divider"
    }
  }
};
