exports[`editor > should allow to enter text #0`] =
{
  "blocks": [
    {
      "data": {},
      "depth": 0,
      "entityRanges": [],
      "inlineStyleRanges": [],
      "key": 0,
      "text": "Leverage agile frameworks",
      "type": "unstyled"
    },
    {
      "data": {},
      "depth": 0,
      "entityRanges": [],
      "inlineStyleRanges": [],
      "key": 1,
      "text": "to provide a robust synopsis for high level overviews.",
      "type": "unstyled"
    }
  ],
  "entityMap": {}
};
